1. #wrapper {
    width: 336px;
    height: 100%;
    margin-top: 232px;
    margin-left: 408px;
    
    это ты под свой экран сверстал :)

2. .sorting {
    margin-left: 281px;
} - так нельзя, опять подгон под ответ. Заверни во флексовый блок иконку

3. Нет <form>
4. #list - width: 76%; это зачем?
5. #button-add - обернуть в блок и соответственно убрать отступы у кнопки
6. - <div class="foot"></div> - это зачем?
7. У кнопки прослушивать событие submit, не click